Running Gradle task 'assembleRelease'...                        
Font asset "MaterialIcons-Regular.otf" was tree-shaken, reducing it from 1645184 to 12380 bytes (99.2% reduction). Tree-shaking can be disabled by providing the --no-tree-shake-icons flag when building your app.
Running Gradle task 'assembleRelease'...                          144.6s
ΓêÜ Built build\app\outputs\flutter-apk\app-release.apk (65.0MB)
